00:00 +0: loading D:/FluxOrigin/test/ai_service_refactor_test.dart
flutter : Error: 
Couldn't resolve the 
package 'test' in 
'package:test/test.dart'.
At line:1 char:1
+ flutter test test/ai_se
rvice_refactor_test.dart 
> test_output.txt 2>& ...
+ ~~~~~~~~~~~~~~~~~~~~~~~
~~~~~~~~~~~~~~~~~~~~~~~~~
~~~~~~~~~~~~~~~~~~~~~
    + CategoryInfo       
       : NotSpecified:   
  (Error: Couldn't...e   
 st/test.dart'.:Strin    
g) [], RemoteExcepti    
on
    + FullyQualifiedErro 
   rId : NativeCommandE  
  rror
 
test/ai_service_refactor_
test.dart:1:8: Error: 
Not found: 
'package:test/test.dart'
import 
'package:test/test.dart';
       ^
test/ai_service_refactor_
test.dart:13:7: Error: 
Method not found: 
'expect'.
      expect(result, 
expected);
      ^^^^^^
test/ai_service_refactor_
test.dart:8:5: Error: 
Method not found: 'test'.
    test('Removes 
English suffixes 
(Fallback)', () {
    ^^^^
test/ai_service_refactor_
test.dart:20:7: Error: 
Method not found: 
'expect'.
      expect(result, 
expected);
      ^^^^^^
test/ai_service_refactor_
test.dart:16:5: Error: 
Method not found: 'test'.
    test('Removes 
English suffixes with 
space', () {
    ^^^^
test/ai_service_refactor_
test.dart:27:7: Error: 
Method not found: 
'expect'.
      expect(result, 
expected);
      ^^^^^^
test/ai_service_refactor_
test.dart:23:5: Error: 
Method not found: 'test'.
    test('Removes 
trailing punctuation 
loops', () {
    ^^^^
test/ai_service_refactor_
test.dart:34:7: Error: 
Method not found: 
'expect'.
      expect(result, 
expected);
      ^^^^^^
test/ai_service_refactor_
test.dart:30:5: Error: 
Method not found: 'test'.
    test('Removes 
trailing dots loop', () {
    ^^^^
test/ai_service_refactor_
test.dart:41:7: Error: 
Method not found: 
'expect'.
      expect(result, 
expected);
      ^^^^^^
test/ai_service_refactor_
test.dart:37:5: Error: 
Method not found: 'test'.
    test('Removes 
parenthesized Chinese', 
() {
    ^^^^
test/ai_service_refactor_
test.dart:48:7: Error: 
Method not found: 
'expect'.
      expect(result, 
expected);
      ^^^^^^
test/ai_service_refactor_
test.dart:44:5: Error: 
Method not found: 'test'.
    test('Removes square 
bracket Chinese', () {
    ^^^^
test/ai_service_refactor_
test.dart:5:3: Error: 
Method not found: 
'group'.
  group('AIService 
Cleanup Logic', () {
  ^^^^^
00:00 +0 -1: loading D:/FluxOrigin/test/ai_service_refactor_test.dart [E]
  Failed to load "D:/FluxOrigin/test/ai_service_refactor_test.dart":
  Compilation failed for testPath=D:/FluxOrigin/test/ai_service_refactor_test.dart: Error: Couldn't resolve the package 'test' in 'package:test/test.dart'.
  test/ai_service_refactor_test.dart:1:8: Error: Not found: 'package:test/test.dart'
  import 'package:test/test.dart';
         ^
  test/ai_service_refactor_test.dart:13:7: Error: Method not found: 'expect'.
        expect(result, expected);
        ^^^^^^
  test/ai_service_refactor_test.dart:8:5: Error: Method not found: 'test'.
      test('Removes English suffixes (Fallback)', () {
      ^^^^
  test/ai_service_refactor_test.dart:20:7: Error: Method not found: 'expect'.
        expect(result, expected);
        ^^^^^^
  test/ai_service_refactor_test.dart:16:5: Error: Method not found: 'test'.
      test('Removes English suffixes with space', () {
      ^^^^
  test/ai_service_refactor_test.dart:27:7: Error: Method not found: 'expect'.
        expect(result, expected);
        ^^^^^^
  test/ai_service_refactor_test.dart:23:5: Error: Method not found: 'test'.
      test('Removes trailing punctuation loops', () {
      ^^^^
  test/ai_service_refactor_test.dart:34:7: Error: Method not found: 'expect'.
        expect(result, expected);
        ^^^^^^
  test/ai_service_refactor_test.dart:30:5: Error: Method not found: 'test'.
      test('Removes trailing dots loop', () {
      ^^^^
  test/ai_service_refactor_test.dart:41:7: Error: Method not found: 'expect'.
        expect(result, expected);
        ^^^^^^
  test/ai_service_refactor_test.dart:37:5: Error: Method not found: 'test'.
      test('Removes parenthesized Chinese', () {
      ^^^^
  test/ai_service_refactor_test.dart:48:7: Error: Method not found: 'expect'.
        expect(result, expected);
        ^^^^^^
  test/ai_service_refactor_test.dart:44:5: Error: Method not found: 'test'.
      test('Removes square bracket Chinese', () {
      ^^^^
  test/ai_service_refactor_test.dart:5:3: Error: Method not found: 'group'.
    group('AIService Cleanup Logic', () {
    ^^^^^
  .
00:00 +0 -1: Some tests failed.
